This is pdfTeX, Version 3.141592653-2.6-1.40.25 (TeX Live 2023) (preloaded format=pdflatex 2023.6.6)  12 OCT 2025 10:36
entering extended mode
 restricted \write18 enabled.
 %&-line parsing enabled.
**visapp.tex
(./visapp.tex
LaTeX2e <2022-11-01> patch level 1
L3 programming layer <2023-02-22> (./article.cls
Document Class: article 2000/05/19 v1.4b Standard LaTeX document class
(/usr/local/texlive/2023/texmf-dist/tex/latex/base/size10.clo
File: size10.clo 2022/07/02 v1.4n Standard LaTeX file (size option)
)
\c@part=\count185
\c@section=\count186
\c@subsection=\count187
\c@subsubsection=\count188
\c@paragraph=\count189
\c@subparagraph=\count190
\c@figure=\count191
\c@table=\count192
\abovecaptionskip=\skip48
\belowcaptionskip=\skip49
\bibindent=\dimen140
)
(/usr/local/texlive/2023/texmf-dist/tex/latex/graphics/epsfig.sty
Package: epsfig 2017/06/25 v1.7b (e)psfig emulation (SPQR)

(/usr/local/texlive/2023/texmf-dist/tex/latex/graphics/graphicx.sty
Package: graphicx 2021/09/16 v1.2d Enhanced LaTeX Graphics (DPC,SPQR)

(/usr/local/texlive/2023/texmf-dist/tex/latex/graphics/keyval.sty
Package: keyval 2022/05/29 v1.15 key=value parser (DPC)
\KV@toks@=\toks16
)
(/usr/local/texlive/2023/texmf-dist/tex/latex/graphics/graphics.sty
Package: graphics 2022/03/10 v1.4e Standard LaTeX Graphics (DPC,SPQR)

(/usr/local/texlive/2023/texmf-dist/tex/latex/graphics/trig.sty
Package: trig 2021/08/11 v1.11 sin cos tan (DPC)
)
(/usr/local/texlive/2023/texmf-dist/tex/latex/graphics-cfg/graphics.cfg
File: graphics.cfg 2016/06/04 v1.11 sample graphics configuration
)
Package graphics Info: Driver file: pdftex.def on input line 107.

(/usr/local/texlive/2023/texmf-dist/tex/latex/graphics-def/pdftex.def
File: pdftex.def 2022/09/22 v1.2b Graphics/color driver for pdftex
))
\Gin@req@height=\dimen141
\Gin@req@width=\dimen142
)
\epsfxsize=\dimen143
\epsfysize=\dimen144
)
(/usr/local/texlive/2023/texmf-dist/tex/latex/caption/subcaption.sty
Package: subcaption 2023/02/19 v1.6 Sub-captions (AR)

(/usr/local/texlive/2023/texmf-dist/tex/latex/caption/caption.sty
Package: caption 2023/03/12 v3.6j Customizing captions (AR)

(/usr/local/texlive/2023/texmf-dist/tex/latex/caption/caption3.sty
Package: caption3 2023/03/12 v2.4 caption3 kernel (AR)
\caption@tempdima=\dimen145
\captionmargin=\dimen146
\caption@leftmargin=\dimen147
\caption@rightmargin=\dimen148
\caption@width=\dimen149
\caption@indent=\dimen150
\caption@parindent=\dimen151
\caption@hangindent=\dimen152
Package caption Info: Standard document class detected.
)
\c@caption@flags=\count193
\c@continuedfloat=\count194
)
Package caption Info: New subtype `subfigure' on input line 239.
\c@subfigure=\count195
Package caption Info: New subtype `subtable' on input line 239.
\c@subtable=\count196
)
(/usr/local/texlive/2023/texmf-dist/tex/latex/tools/calc.sty
Package: calc 2017/05/25 v4.3 Infix arithmetic (KKT,FJ)
\calc@Acount=\count197
\calc@Bcount=\count198
\calc@Adimen=\dimen153
\calc@Bdimen=\dimen154
\calc@Askip=\skip50
\calc@Bskip=\skip51
LaTeX Info: Redefining \setlength on input line 80.
LaTeX Info: Redefining \addtolength on input line 81.
\calc@Ccount=\count199
\calc@Cskip=\skip52
)
(/usr/local/texlive/2023/texmf-dist/tex/latex/amsfonts/amssymb.sty
Package: amssymb 2013/01/14 v3.01 AMS font symbols

(/usr/local/texlive/2023/texmf-dist/tex/latex/amsfonts/amsfonts.sty
Package: amsfonts 2013/01/14 v3.01 Basic AMSFonts support
\@emptytoks=\toks17
\symAMSa=\mathgroup4
\symAMSb=\mathgroup5
LaTeX Font Info:    Redeclaring math symbol \hbar on input line 98.
LaTeX Font Info:    Overwriting math alphabet `\mathfrak' in version `bold'
(Font)                  U/euf/m/n --> U/euf/b/n on input line 106.
))
(/usr/local/texlive/2023/texmf-dist/tex/latex/amsmath/amstext.sty
Package: amstext 2021/08/26 v2.01 AMS text

(/usr/local/texlive/2023/texmf-dist/tex/latex/amsmath/amsgen.sty
File: amsgen.sty 1999/11/30 v2.0 generic functions
\@emptytoks=\toks18
\ex@=\dimen155
))
(/usr/local/texlive/2023/texmf-dist/tex/latex/amsmath/amsmath.sty
Package: amsmath 2022/04/08 v2.17n AMS math features
\@mathmargin=\skip53

For additional information on amsmath, use the `?' option.
(/usr/local/texlive/2023/texmf-dist/tex/latex/amsmath/amsbsy.sty
Package: amsbsy 1999/11/29 v1.2d Bold Symbols
\pmbraise@=\dimen156
)
(/usr/local/texlive/2023/texmf-dist/tex/latex/amsmath/amsopn.sty
Package: amsopn 2022/04/08 v2.04 operator names
)
\inf@bad=\count266
LaTeX Info: Redefining \frac on input line 234.
\uproot@=\count267
\leftroot@=\count268
LaTeX Info: Redefining \overline on input line 399.
LaTeX Info: Redefining \colon on input line 410.
\classnum@=\count269
\DOTSCASE@=\count270
LaTeX Info: Redefining \ldots on input line 496.
LaTeX Info: Redefining \dots on input line 499.
LaTeX Info: Redefining \cdots on input line 620.
\Mathstrutbox@=\box51
\strutbox@=\box52
LaTeX Info: Redefining \big on input line 722.
LaTeX Info: Redefining \Big on input line 723.
LaTeX Info: Redefining \bigg on input line 724.
LaTeX Info: Redefining \Bigg on input line 725.
\big@size=\dimen157
LaTeX Font Info:    Redeclaring font encoding OML on input line 743.
LaTeX Font Info:    Redeclaring font encoding OMS on input line 744.
\macc@depth=\count271
LaTeX Info: Redefining \bmod on input line 905.
LaTeX Info: Redefining \pmod on input line 910.
LaTeX Info: Redefining \smash on input line 940.
LaTeX Info: Redefining \relbar on input line 970.
LaTeX Info: Redefining \Relbar on input line 971.
\c@MaxMatrixCols=\count272
\dotsspace@=\muskip16
\c@parentequation=\count273
\dspbrk@lvl=\count274
\tag@help=\toks19
\row@=\count275
\column@=\count276
\maxfields@=\count277
\andhelp@=\toks20
\eqnshift@=\dimen158
\alignsep@=\dimen159
\tagshift@=\dimen160
\tagwidth@=\dimen161
\totwidth@=\dimen162
\lineht@=\dimen163
\@envbody=\toks21
\multlinegap=\skip54
\multlinetaggap=\skip55
\mathdisplay@stack=\toks22
LaTeX Info: Redefining \[ on input line 2953.
LaTeX Info: Redefining \] on input line 2954.
)
(/usr/local/texlive/2023/texmf-dist/tex/latex/amscls/amsthm.sty
Package: amsthm 2020/05/29 v2.20.6
\thm@style=\toks23
\thm@bodyfont=\toks24
\thm@headfont=\toks25
\thm@notefont=\toks26
\thm@headpunct=\toks27
\thm@preskip=\skip56
\thm@postskip=\skip57
\thm@headsep=\skip58
\dth@everypar=\toks28
)
(/usr/local/texlive/2023/texmf-dist/tex/latex/tools/multicol.sty
Package: multicol 2021/11/30 v1.9d multicolumn formatting (FMi)
\c@tracingmulticols=\count278
\mult@box=\box53
\multicol@leftmargin=\dimen164
\c@unbalance=\count279
\c@collectmore=\count280
\doublecol@number=\count281
\multicoltolerance=\count282
\multicolpretolerance=\count283
\full@width=\dimen165
\page@free=\dimen166
\premulticols=\dimen167
\postmulticols=\dimen168
\multicolsep=\skip59
\multicolbaselineskip=\skip60
\partial@page=\box54
\last@line=\box55
\maxbalancingoverflow=\dimen169
\mult@rightbox=\box56
\mult@grightbox=\box57
\mult@firstbox=\box58
\mult@gfirstbox=\box59
\@tempa=\box60
\@tempa=\box61
\@tempa=\box62
\@tempa=\box63
\@tempa=\box64
\@tempa=\box65
\@tempa=\box66
\@tempa=\box67
\@tempa=\box68
\@tempa=\box69
\@tempa=\box70
\@tempa=\box71
\@tempa=\box72
\@tempa=\box73
\@tempa=\box74
\@tempa=\box75
\@tempa=\box76
\@tempa=\box77
\@tempa=\box78
\@tempa=\box79
\@tempa=\box80
\@tempa=\box81
\@tempa=\box82
\@tempa=\box83
\@tempa=\box84
\@tempa=\box85
\@tempa=\box86
\@tempa=\box87
\@tempa=\box88
\@tempa=\box89
\@tempa=\box90
\@tempa=\box91
\@tempa=\box92
\@tempa=\box93
\@tempa=\box94
\@tempa=\box95
\c@minrows=\count284
\c@columnbadness=\count285
\c@finalcolumnbadness=\count286
\last@try=\dimen170
\multicolovershoot=\dimen171
\multicolundershoot=\dimen172
\mult@nat@firstbox=\box96
\colbreak@box=\box97
\mc@col@check@num=\count287
)
(/usr/local/texlive/2023/texmf-dist/tex/latex/pslatex/pslatex.sty
Package: pslatex 2021/01/13 v1.3 pslatex emulation (DPC)
LaTeX Font Info:    Redeclaring symbol font `operators' on input line 66.
LaTeX Font Info:    Overwriting symbol font `operators' in version `normal'
(Font)                  OT1/cmr/m/n --> OT1/ptmcm/m/n on input line 66.
LaTeX Font Info:    Overwriting symbol font `operators' in version `bold'
(Font)                  OT1/cmr/bx/n --> OT1/ptmcm/m/n on input line 66.
LaTeX Font Info:    Redeclaring symbol font `letters' on input line 67.
LaTeX Font Info:    Overwriting symbol font `letters' in version `normal'
(Font)                  OML/cmm/m/it --> OML/ptmcm/m/it on input line 67.
LaTeX Font Info:    Overwriting symbol font `letters' in version `bold'
(Font)                  OML/cmm/b/it --> OML/ptmcm/m/it on input line 67.
LaTeX Font Info:    Redeclaring symbol font `symbols' on input line 68.
LaTeX Font Info:    Overwriting symbol font `symbols' in version `normal'
(Font)                  OMS/cmsy/m/n --> OMS/pzccm/m/n on input line 68.
LaTeX Font Info:    Overwriting symbol font `symbols' in version `bold'
(Font)                  OMS/cmsy/b/n --> OMS/pzccm/m/n on input line 68.
LaTeX Font Info:    Redeclaring symbol font `largesymbols' on input line 69.
LaTeX Font Info:    Overwriting symbol font `largesymbols' in version `normal'
(Font)                  OMX/cmex/m/n --> OMX/psycm/m/n on input line 69.
LaTeX Font Info:    Overwriting symbol font `largesymbols' in version `bold'
(Font)                  OMX/cmex/m/n --> OMX/psycm/m/n on input line 69.
\symbold=\mathgroup6
\symitalic=\mathgroup7
LaTeX Font Info:    Redeclaring math alphabet \mathbf on input line 75.
LaTeX Font Info:    Overwriting math alphabet `\mathbf' in version `normal'
(Font)                  OT1/cmr/bx/n --> OT1/ptm/bx/n on input line 75.
LaTeX Font Info:    Overwriting math alphabet `\mathbf' in version `bold'
(Font)                  OT1/cmr/bx/n --> OT1/ptm/bx/n on input line 75.
LaTeX Font Info:    Redeclaring math alphabet \mathit on input line 76.
LaTeX Font Info:    Overwriting math alphabet `\mathit' in version `normal'
(Font)                  OT1/cmr/m/it --> OT1/ptm/m/it on input line 76.
LaTeX Font Info:    Overwriting math alphabet `\mathit' in version `bold'
(Font)                  OT1/cmr/bx/it --> OT1/ptm/m/it on input line 76.
)
(./apalike.sty
\bibhang=\skip61
)
(/usr/local/texlive/2023/texmf-dist/tex/latex/algorithm2e/algorithm2e.sty
Package: algorithm2e 2017/07/18 v5.2 algorithms environments
\c@AlgoLine=\count288

(/usr/local/texlive/2023/texmf-dist/tex/latex/base/ifthen.sty
Package: ifthen 2022/04/13 v1.1d Standard LaTeX ifthen package (DPC)
)
\algocf@hangindent=\skip62

(/usr/local/texlive/2023/texmf-dist/tex/latex/ifoddpage/ifoddpage.sty
Package: ifoddpage 2022/10/18 v1.2 Conditionals for odd/even page detection
\c@checkoddpage=\count289
)
(/usr/local/texlive/2023/texmf-dist/tex/latex/tools/xspace.sty
Package: xspace 2014/10/28 v1.13 Space after command names (DPC,MH)
)
(/usr/local/texlive/2023/texmf-dist/tex/latex/relsize/relsize.sty
Package: relsize 2013/03/29 ver 4.1
)
\skiptotal=\skip63
\skiplinenumber=\skip64
\skiprule=\skip65
\skiphlne=\skip66
\skiptext=\skip67
\skiplength=\skip68
\algomargin=\skip69
\skipalgocfslide=\skip70
\algowidth=\dimen173
\inoutsize=\dimen174
\inoutindent=\dimen175
\interspacetitleruled=\dimen176
\interspacealgoruled=\dimen177
\interspacetitleboxruled=\dimen178
\algocf@ruledwidth=\skip71
\algocf@inoutbox=\box98
\algocf@inputbox=\box99
\AlCapSkip=\skip72
\AlCapHSkip=\skip73
\algoskipindent=\skip74
\algocf@nlbox=\box100
\algocf@hangingbox=\box101
\algocf@untilbox=\box102
\algocf@skipuntil=\skip75
\algocf@capbox=\box103
\algocf@lcaptionbox=\skip76
\algoheightruledefault=\skip77
\algoheightrule=\skip78
\algotitleheightruledefault=\skip79
\algotitleheightrule=\skip80
\c@algocfline=\count290
\c@algocfproc=\count291
\c@algocf=\count292
\algocf@algoframe=\box104
\algocf@algobox=\box105
)
(/usr/local/texlive/2023/texmf-dist/tex/latex/footmisc/footmisc.sty
Package: footmisc 2022/03/08 v6.0d a miscellany of footnote facilities
\FN@temptoken=\toks29
\footnotemargin=\dimen179
\@outputbox@depth=\dimen180
Package footmisc Info: Declaring symbol style bringhurst on input line 695.
Package footmisc Info: Declaring symbol style chicago on input line 703.
Package footmisc Info: Declaring symbol style wiley on input line 712.
Package footmisc Info: Declaring symbol style lamport-robust on input line 723.

Package footmisc Info: Declaring symbol style lamport* on input line 743.
Package footmisc Info: Declaring symbol style lamport*-robust on input line 764
.
)
(/usr/local/texlive/2023/texmf-dist/tex/latex/pdflscape/pdflscape.sty
Package: pdflscape 2022-10-27 v0.13 Display of landscape pages in PDF

(/usr/local/texlive/2023/texmf-dist/tex/latex/pdflscape/pdflscape-nometadata.st
y
Package: pdflscape-nometadata 2022-10-28 v0.13 Display of landscape pages in PD
F (HO)
 (/usr/local/texlive/2023/texmf-dist/tex/generic/iftex/iftex.sty
Package: iftex 2022/02/03 v1.0f TeX engine tests
)
(/usr/local/texlive/2023/texmf-dist/tex/latex/graphics/lscape.sty
Package: lscape 2020/05/28 v3.02 Landscape Pages (DPC)
)
Package pdflscape Info: Auto-detected driver: pdftex on input line 81.
))
(./SCITEPRESS.sty
Conference Style for SCITEPRESS for LaTeX 2e -- version of May 2023
\titlebox=\skip81
) (/usr/local/texlive/2023/texmf-dist/tex/latex/l3backend/l3backend-pdftex.def
File: l3backend-pdftex.def 2023-01-16 L3 backend support: PDF output (pdfTeX)
\l__color_backend_stack_int=\count293
\l__pdf_internal_box=\box106
) (./visapp.aux)
\openout1 = `visapp.aux'.

LaTeX Font Info:    Checking defaults for OML/cmm/m/it on input line 21.
LaTeX Font Info:    ... okay on input line 21.
LaTeX Font Info:    Checking defaults for OMS/pzccm/m/n on input line 21.
LaTeX Font Info:    Trying to load font information for OMS+pzccm on input line
 21.

(/usr/local/texlive/2023/texmf-dist/tex/latex/psnfss/omspzccm.fd
File: omspzccm.fd 2000/01/03 Fontinst v1.801 font definitions for OMS/pzccm.
)
LaTeX Font Info:    ... okay on input line 21.
LaTeX Font Info:    Checking defaults for OT1/cmr/m/n on input line 21.
LaTeX Font Info:    ... okay on input line 21.
LaTeX Font Info:    Checking defaults for T1/cmr/m/n on input line 21.
LaTeX Font Info:    ... okay on input line 21.
LaTeX Font Info:    Checking defaults for TS1/cmr/m/n on input line 21.
LaTeX Font Info:    ... okay on input line 21.
LaTeX Font Info:    Checking defaults for OMX/cmex/m/n on input line 21.
LaTeX Font Info:    ... okay on input line 21.
LaTeX Font Info:    Checking defaults for U/cmr/m/n on input line 21.
LaTeX Font Info:    ... okay on input line 21.

(/usr/local/texlive/2023/texmf-dist/tex/context/base/mkii/supp-pdf.mkii
[Loading MPS to PDF converter (version 2006.09.02).]
\scratchcounter=\count294
\scratchdimen=\dimen181
\scratchbox=\box107
\nofMPsegments=\count295
\nofMParguments=\count296
\everyMPshowfont=\toks30
\MPscratchCnt=\count297
\MPscratchDim=\dimen182
\MPnumerator=\count298
\makeMPintoPDFobject=\count299
\everyMPtoPDFconversion=\toks31
) (/usr/local/texlive/2023/texmf-dist/tex/latex/epstopdf-pkg/epstopdf-base.sty
Package: epstopdf-base 2020-01-24 v2.11 Base part for package epstopdf
Package epstopdf-base Info: Redefining graphics rule for `.eps' on input line 4
85.

(/usr/local/texlive/2023/texmf-dist/tex/latex/latexconfig/epstopdf-sys.cfg
File: epstopdf-sys.cfg 2010/07/13 v1.3 Configuration of (r)epstopdf for TeX Liv
e
))
Package caption Info: Begin \AtBeginDocument code.
Package caption Info: End \AtBeginDocument code.
LaTeX Font Info:    Calculating math sizes for size <11> on input line 34.
LaTeX Font Info:    Trying to load font information for OT1+ptmcm on input line
 34.

(/usr/local/texlive/2023/texmf-dist/tex/latex/psnfss/ot1ptmcm.fd
File: ot1ptmcm.fd 2000/01/03 Fontinst v1.801 font definitions for OT1/ptmcm.
)
LaTeX Font Info:    Trying to load font information for OML+ptmcm on input line
 34.

(/usr/local/texlive/2023/texmf-dist/tex/latex/psnfss/omlptmcm.fd
File: omlptmcm.fd 2000/01/03 Fontinst v1.801 font definitions for OML/ptmcm.
)
LaTeX Font Info:    Trying to load font information for OMX+psycm on input line
 34.

(/usr/local/texlive/2023/texmf-dist/tex/latex/psnfss/omxpsycm.fd
File: omxpsycm.fd 2000/01/03 Fontinst v1.801 font definitions for OMX/psycm.
)
LaTeX Font Info:    Trying to load font information for U+msa on input line 34.


(/usr/local/texlive/2023/texmf-dist/tex/latex/amsfonts/umsa.fd
File: umsa.fd 2013/01/14 v3.01 AMS symbols A
)
LaTeX Font Info:    Trying to load font information for U+msb on input line 34.


(/usr/local/texlive/2023/texmf-dist/tex/latex/amsfonts/umsb.fd
File: umsb.fd 2013/01/14 v3.01 AMS symbols B
)
LaTeX Font Info:    Font shape `OT1/ptm/bx/n' in size <11> not available
(Font)              Font shape `OT1/ptm/b/n' tried instead on input line 34.
LaTeX Font Info:    Font shape `OT1/ptm/bx/n' in size <7.69997> not available
(Font)              Font shape `OT1/ptm/b/n' tried instead on input line 34.
LaTeX Font Info:    Font shape `OT1/ptm/bx/n' in size <5.5> not available
(Font)              Font shape `OT1/ptm/b/n' tried instead on input line 34.
Package epstopdf Info: Source file: <orcid.eps>
(epstopdf)                    date: 2025-10-11 13:12:14
(epstopdf)                    size: 975258 bytes
(epstopdf)             Output file: <orcid-eps-converted-to.pdf>
(epstopdf)                    date: 2025-10-11 15:14:47
(epstopdf)                    size: 11826 bytes
(epstopdf)             Command: <repstopdf --outfile=orcid-eps-converted-to.pdf
 orcid.eps>
(epstopdf)             \includegraphics on input line 34.
Package epstopdf Info: Output file is already uptodate.
<orcid-eps-converted-to.pdf, id=1, 598.235pt x 598.235pt>
File: orcid-eps-converted-to.pdf Graphic file (type pdf)
<use orcid-eps-converted-to.pdf>
Package pdftex.def Info: orcid-eps-converted-to.pdf  used on input line 34.
(pdftex.def)             Requested size: 8.5359pt x 8.53497pt.
Package epstopdf Info: Source file: <orcid.eps>
(epstopdf)                    date: 2025-10-11 13:12:14
(epstopdf)                    size: 975258 bytes
(epstopdf)             Output file: <orcid-eps-converted-to.pdf>
(epstopdf)                    date: 2025-10-11 15:14:47
(epstopdf)                    size: 11826 bytes
(epstopdf)             Command: <repstopdf --outfile=orcid-eps-converted-to.pdf
 orcid.eps>
(epstopdf)             \includegraphics on input line 34.
Package epstopdf Info: Output file is already uptodate.
File: orcid-eps-converted-to.pdf Graphic file (type pdf)
<use orcid-eps-converted-to.pdf>
Package pdftex.def Info: orcid-eps-converted-to.pdf  used on input line 34.
(pdftex.def)             Requested size: 8.5359pt x 8.53497pt.
Package epstopdf Info: Source file: <orcid.eps>
(epstopdf)                    date: 2025-10-11 13:12:14
(epstopdf)                    size: 975258 bytes
(epstopdf)             Output file: <orcid-eps-converted-to.pdf>
(epstopdf)                    date: 2025-10-11 15:14:47
(epstopdf)                    size: 11826 bytes
(epstopdf)             Command: <repstopdf --outfile=orcid-eps-converted-to.pdf
 orcid.eps>
(epstopdf)             \includegraphics on input line 34.
Package epstopdf Info: Output file is already uptodate.
File: orcid-eps-converted-to.pdf Graphic file (type pdf)
<use orcid-eps-converted-to.pdf>
Package pdftex.def Info: orcid-eps-converted-to.pdf  used on input line 34.
(pdftex.def)             Requested size: 8.5359pt x 8.53497pt.
LaTeX Font Info:    Font shape `OT1/ptm/bx/n' in size <9> not available
(Font)              Font shape `OT1/ptm/b/n' tried instead on input line 34.
LaTeX Font Info:    Font shape `OT1/ptm/bx/n' in size <7> not available
(Font)              Font shape `OT1/ptm/b/n' tried instead on input line 34.
LaTeX Font Info:    Font shape `OT1/ptm/bx/n' in size <5> not available
(Font)              Font shape `OT1/ptm/b/n' tried instead on input line 34.
LaTeX Font Info:    Font shape `OMS/ptm/m/it' in size <9> not available
(Font)              Font shape `OMS/pzccm/m/n' tried instead on input line 34.

Underfull \hbox (badness 10000) in paragraph at lines 34--34

 []

Package epstopdf Info: Source file: <orcid.eps>
(epstopdf)                    date: 2025-10-11 13:12:14
(epstopdf)                    size: 975258 bytes
(epstopdf)             Output file: <orcid-eps-converted-to.pdf>
(epstopdf)                    date: 2025-10-11 15:14:47
(epstopdf)                    size: 11826 bytes
(epstopdf)             Command: <repstopdf --outfile=orcid-eps-converted-to.pdf
 orcid.eps>
(epstopdf)             \includegraphics on input line 34.
Package epstopdf Info: Output file is already uptodate.
File: orcid-eps-converted-to.pdf Graphic file (type pdf)
<use orcid-eps-converted-to.pdf>
Package pdftex.def Info: orcid-eps-converted-to.pdf  used on input line 34.
(pdftex.def)             Requested size: 8.5359pt x 8.53497pt.
Package epstopdf Info: Source file: <orcid.eps>
(epstopdf)                    date: 2025-10-11 13:12:14
(epstopdf)                    size: 975258 bytes
(epstopdf)             Output file: <orcid-eps-converted-to.pdf>
(epstopdf)                    date: 2025-10-11 15:14:47
(epstopdf)                    size: 11826 bytes
(epstopdf)             Command: <repstopdf --outfile=orcid-eps-converted-to.pdf
 orcid.eps>
(epstopdf)             \includegraphics on input line 34.
Package epstopdf Info: Output file is already uptodate.
File: orcid-eps-converted-to.pdf Graphic file (type pdf)
<use orcid-eps-converted-to.pdf>
Package pdftex.def Info: orcid-eps-converted-to.pdf  used on input line 34.
(pdftex.def)             Requested size: 8.5359pt x 8.53497pt.
Package epstopdf Info: Source file: <orcid.eps>
(epstopdf)                    date: 2025-10-11 13:12:14
(epstopdf)                    size: 975258 bytes
(epstopdf)             Output file: <orcid-eps-converted-to.pdf>
(epstopdf)                    date: 2025-10-11 15:14:47
(epstopdf)                    size: 11826 bytes
(epstopdf)             Command: <repstopdf --outfile=orcid-eps-converted-to.pdf
 orcid.eps>
(epstopdf)             \includegraphics on input line 34.
Package epstopdf Info: Output file is already uptodate.
File: orcid-eps-converted-to.pdf Graphic file (type pdf)
<use orcid-eps-converted-to.pdf>
Package pdftex.def Info: orcid-eps-converted-to.pdf  used on input line 34.
(pdftex.def)             Requested size: 8.5359pt x 8.53497pt.
(./01_Introduction.tex [1{/usr/local/texlive/2023/texmf-var/fonts/map/pdftex/up
dmap/pdftex.map}{/usr/local/texlive/2023/texmf-dist/fonts/enc/dvips/base/8r.enc
}




 <./orcid-eps-converted-to.pdf>]
Underfull \hbox (badness 2042) in paragraph at lines 21--22
\OT1/ptm/m/n/10 knowl-edge in state pre-dic-tion. Op-er-at-ing in a
 []

LaTeX Font Info:    Font shape `OT1/ptm/bx/n' in size <10> not available
(Font)              Font shape `OT1/ptm/b/n' tried instead on input line 30.
LaTeX Font Info:    Font shape `OT1/ptm/bx/n' in size <7.4> not available
(Font)              Font shape `OT1/ptm/b/n' tried instead on input line 30.
LaTeX Font Info:    Font shape `OT1/ptm/bx/n' in size <6> not available
(Font)              Font shape `OT1/ptm/b/n' tried instead on input line 30.

Underfull \hbox (badness 1448) in paragraph at lines 30--31
\OT1/ptm/b/n/10 RPCH \OT1/ptm/m/n/10 bench-mark built for this sce-nario, Phys-

 []


Underfull \hbox (badness 1237) in paragraph at lines 30--31
\OT1/ptm/m/n/10 lines. It main-tains \OT1/ptm/b/n/10 67% \OT1/ptm/m/n/10 MOTA w
hile sub-stan-
 []

LaTeX Font Info:    Trying to load font information for TS1+ptm on input line 3
5.
(/usr/local/texlive/2023/texmf-dist/tex/latex/psnfss/ts1ptm.fd
File: ts1ptm.fd 2001/06/04 font definitions for TS1/ptm.
)
Underfull \hbox (badness 10000) in paragraph at lines 35--36
[]\OT1/ptm/m/n/10 We de-sign a real-time, end-to-end \OT1/ptm/b/n/10 de-
 []


Underfull \hbox (badness 1596) in paragraph at lines 35--36
\OT1/ptm/b/n/10 tect{track{analyze \OT1/ptm/m/n/10 pipeline tai-lored for train

 []


Underfull \hbox (badness 4569) in paragraph at lines 35--36
\OT1/ptm/m/n/10 ap-proach, en-abling forward-looking plat-form
 []


Underfull \hbox (badness 3735) in paragraph at lines 37--38
\OT1/ptm/b/n/10 way-Plat-form-Crowd-Head\OT1/ptm/m/n/10 , to fa-cil-i-tate head
-
 []

<pictures/Phys5Dframedeomo.png, id=14, 1150.2975pt x 644.4075pt>
File: pictures/Phys5Dframedeomo.png Graphic file (type png)
<use pictures/Phys5Dframedeomo.png>
Package pdftex.def Info: pictures/Phys5Dframedeomo.png  used on input line 45.
(pdftex.def)             Requested size: 220.30212pt x 123.41214pt.

Overfull \hbox (6.8877pt too wide) in paragraph at lines 45--46
 [][] 
 []


Underfull \hbox (badness 4013) in paragraph at lines 46--46
[]\OT1/ptm/m/n/9 Figure 1: |Frames from a tracked video se-quence.
 []


Underfull \hbox (badness 1466) in paragraph at lines 46--46
\OT1/ptm/m/n/9 Each bound-ing box is an-no-tated with a unique track
 []


Underfull \hbox (badness 4634) in paragraph at lines 46--46
\OT1/ptm/m/n/9 ID:9,11,14,12,15; the bottom-left over-lay shows the
 []


Underfull \hbox (badness 5652) in paragraph at lines 46--46
\OT1/ptm/m/n/9 unique-ID count(Total:10) from the vir-tual count-ing
 []

[2]
<pictures/Phys5Dframedeomo2.png, id=19, 1150.2975pt x 643.40375pt>
File: pictures/Phys5Dframedeomo2.png Graphic file (type png)
<use pictures/Phys5Dframedeomo2.png>
Package pdftex.def Info: pictures/Phys5Dframedeomo2.png  used on input line 52.

(pdftex.def)             Requested size: 220.30212pt x 123.21991pt.

Overfull \hbox (6.8877pt too wide) in paragraph at lines 52--53
 [][] 
 []


Underfull \hbox (badness 4013) in paragraph at lines 53--53
[]\OT1/ptm/m/n/9 Figure 2: |Frames from a tracked video se-quence.
 []


Underfull \hbox (badness 1466) in paragraph at lines 53--53
\OT1/ptm/m/n/9 Each bound-ing box is an-no-tated with a unique track
 []


Underfull \hbox (badness 1609) in paragraph at lines 53--53
\OT1/ptm/m/n/9 ID:154,155,166 ...; the bottom-left over-lay shows the
 []


Underfull \hbox (badness 3189) in paragraph at lines 53--53
\OT1/ptm/m/n/9 unique-ID count(Total:100) from the vir-tual count-ing
 []

) (./02_Related Work.tex
Underfull \hbox (badness 3302) in paragraph at lines 1--2
\OT1/ptm/m/n/10 ing frame-works. This sec-tion re-views re-lated
 []


Underfull \hbox (badness 2409) in paragraph at lines 11--12
\OT1/ptm/m/n/10 ing real-time per-for-mance(Bewley et al., 2016).
 []


Underfull \hbox (badness 3439) in paragraph at lines 11--12
\OT1/ptm/m/n/10 Later works in-tro-duced ap-pear-ance mod-els and
 []

[3 <./pictures/Phys5Dframedeomo.png> <./pictures/Phys5Dframedeomo2.png>]
Underfull \hbox (badness 1308) in paragraph at lines 18--20
\OT1/ptm/m/n/10 count-ing|distinguishing re-peated en-tries and ex-
 []

) (./03_Methods.tex
Underfull \hbox (badness 2277) in paragraph at lines 5--6
\OT1/ptm/m/n/10 We tackle plat-form crowd count-ing with a de-
 []

<pictures/OurMulti-ObjectTrackingSystemArchitecture.png, id=25, 755.82375pt x 9
14.41624pt>
File: pictures/OurMulti-ObjectTrackingSystemArchitecture.png Graphic file (type
 png)
<use pictures/OurMulti-ObjectTrackingSystemArchitecture.png>
Package pdftex.def Info: pictures/OurMulti-ObjectTrackingSystemArchitecture.png
  used on input line 9.
(pdftex.def)             Requested size: 220.30212pt x 266.52734pt.

Overfull \hbox (6.8877pt too wide) in paragraph at lines 9--10
 [][] 
 []

[4 <./pictures/OurMulti-ObjectTrackingSystemArchitecture.png>]
Underfull \hbox (badness 1137) in paragraph at lines 19--20
\OT1/ptm/m/n/10 from three sources: Open Sen-sor Data for Rail
 []


Underfull \hbox (badness 10000) in paragraph at lines 21--22
[]\OT1/ptm/b/n/10 Evaluation Dataset: \OT1/ptm/m/n/10 For com-pre-hen-
 []


Underfull \hbox (badness 10000) in paragraph at lines 21--22
\OT1/ptm/m/n/10 sive eval-u-a-tion, we con-structed the MOT-
 []


Underfull \hbox (badness 1521) in paragraph at lines 21--22
\OT1/ptm/m/n/10 RailwayPlatformCrowdHead (MOT-RPCH) dataset
 []


Underfull \hbox (badness 10000) in paragraph at lines 29--30
[]\OT1/ptm/m/n/10 These lim-i-ta-tions mo-ti-vate our physics-
 []


Underfull \hbox (badness 2050) in paragraph at lines 29--30
\OT1/ptm/m/n/10 constrained 3D track-ing ap-proach that ex-plic-itly
 []


Underfull \hbox (badness 3333) in paragraph at lines 29--30
\OT1/ptm/m/n/10 mod-els train de-cel-er-a-tion and lever-ages cam-era
 []


Underfull \hbox (badness 10000) in paragraph at lines 37--38
[]\OT1/ptm/b/n/10 Stage 2: \OT1/ptm/m/n/10 Fine-tuning with back-bone=10
 []


Underfull \hbox (badness 10000) in paragraph at lines 37--38
\OT1/ptm/m/n/10 frozen on rail-way plat-form head im-ages
 []


Underfull \hbox (badness 10000) in paragraph at lines 37--38
\OT1/ptm/m/n/10 achieves mAP50=98.0% (+18.6 points) and
 []


Underfull \hbox (badness 1028) in paragraph at lines 43--44
\OT1/ptm/m/n/10 EfficientNet-B0 for ap-pear-ance fea-ture ex-trac-tion.
 []

[5]
Underfull \hbox (badness 4995) in paragraph at lines 70--71
\OT1/ptm/m/n/10 We in-cor-po-rate physics-based de-cel-er-a-tion con-
 []

<pictures/VirtualCountingZone.png, id=36, 1051.93pt x 757.83125pt>
File: pictures/VirtualCountingZone.png Graphic file (type png)
<use pictures/VirtualCountingZone.png>
Package pdftex.def Info: pictures/VirtualCountingZone.png  used on input line 9
8.
(pdftex.def)             Requested size: 220.30212pt x 158.70984pt.

Overfull \hbox (6.8877pt too wide) in paragraph at lines 98--99
 [][] 
 []


Underfull \hbox (badness 3343) in paragraph at lines 105--106
[]\OT1/ptm/b/n/10 Track State Man-age-ment: \OT1/ptm/m/n/10 For each con-
 []


Underfull \hbox (badness 2376) in paragraph at lines 105--106
\OT1/ptm/m/n/10 firmed track, main-tain state vari-ables: con-
 []


Underfull \hbox (badness 10000) in paragraph at lines 105--106
\OT1/ptm/m/n/10 sec-u-tive[]in[]band[]frames, counted[]flag, and
 []


Underfull \hbox (badness 10000) in paragraph at lines 108--109
[]\OT1/ptm/b/n/10 Deduplication: \OT1/ptm/m/n/10 Main-tain global set of
 []


Underfull \hbox (badness 3189) in paragraph at lines 109--110
\OT1/ptm/m/n/10 con-sec-u-tive[]in[]band[]frames $\OML/ptmcm/m/it/10 > \OT1/ptm
cm/m/n/10 0$ \OT1/ptm/m/n/10 but $\OML/ptmcm/m/it/10 < N$ \OT1/ptm/m/n/10 at
 []


Underfull \hbox (badness 1472) in paragraph at lines 110--111
[]\OT1/ptm/b/n/10 Final Ag-gre-ga-tion: \OT1/ptm/m/n/10 Re-port left count, rig
ht
 []


Underfull \hbox (badness 10000) in paragraph at lines 110--111
\OT1/ptm/m/n/10 count, and fi-nal count = max(left[]count,
 []

)
Underfull \hbox (badness 1360) in paragraph at lines 121--48
\OT1/ptm/m/n/10 To sup-port the Phys-5D model's ge-o-met-ric con-
 []

[6 <./pictures/VirtualCountingZone.png>] (./04_Experiment.tex
<pictures/yolo11mpre2results.png, id=42, 2409.0pt x 1204.5pt>
File: pictures/yolo11mpre2results.png Graphic file (type png)
<use pictures/yolo11mpre2results.png>
Package pdftex.def Info: pictures/yolo11mpre2results.png  used on input line 16
.
(pdftex.def)             Requested size: 215.80182pt x 107.8857pt.

Overfull \hbox (2.38739pt too wide) in paragraph at lines 16--17
 [][] 
 []


Underfull \hbox (badness 1152) in paragraph at lines 17--17
[]\OT1/ptm/m/n/9 Figure 5: |Pre-training Re-sults of YOLOv11m on the
 []


LaTeX Warning: `h' float specifier changed to `ht'.


Overfull \hbox (2.38898pt too wide) in paragraph at lines 23--34
 [][] 
 []


Underfull \hbox (badness 10000) in paragraph at lines 38--39
[]\OT1/ptm/b/n/10 Stage 2: Fine-tuning \OT1/ptm/m/n/10 with back-bone=10
 []


Underfull \hbox (badness 10000) in paragraph at lines 38--39
\OT1/ptm/m/n/10 frozen on rail-way plat-form head im-ages
 []


Underfull \hbox (badness 10000) in paragraph at lines 38--39
\OT1/ptm/m/n/10 achieves mAP50=98.0% (+18.6 points) and
 []

<pictures/yolofreez10_ResultsSummary.png, id=43, 867.24pt x 433.62pt>
File: pictures/yolofreez10_ResultsSummary.png Graphic file (type png)
<use pictures/yolofreez10_ResultsSummary.png>
Package pdftex.def Info: pictures/yolofreez10_ResultsSummary.png  used on input
 line 42.
(pdftex.def)             Requested size: 215.80182pt x 107.89526pt.

Overfull \hbox (2.38739pt too wide) in paragraph at lines 42--43
 [][] 
 []


LaTeX Warning: `h' float specifier changed to `ht'.


Overfull \hbox (2.39273pt too wide) in paragraph at lines 49--60
 [][] 
 []


Underfull \hbox (badness 7468) in paragraph at lines 60--60
[]\OT1/ptm/m/n/9 Table 2: |Fine-tuning Per-for-mance of YOLOv11m
 []


LaTeX Warning: `h' float specifier changed to `ht'.

<pictures/ReIDInputsizeAblationexperiment.png, id=44, 1373.13pt x 1060.96375pt>

File: pictures/ReIDInputsizeAblationexperiment.png Graphic file (type png)
<use pictures/ReIDInputsizeAblationexperiment.png>
Package pdftex.def Info: pictures/ReIDInputsizeAblationexperiment.png  used on 
input line 74.
(pdftex.def)             Requested size: 215.80182pt x 166.73032pt.

Overfull \hbox (2.38739pt too wide) in paragraph at lines 74--75
 [][] 
 []


LaTeX Warning: `h' float specifier changed to `ht'.


LaTeX Warning: `h' float specifier changed to `ht'.

[7 <./pictures/yolo11mpre2results.png> <./pictures/yolofreez10_ResultsSummary.p
ng>]
Underfull \hbox (badness 2781) in paragraph at lines 105--106
[]\OT1/ptm/b/n/10 Performance Degra-da-tion: \OT1/ptm/m/n/10 256\TS1/ptm/m/n/10
 Ö\OT1/ptm/m/n/10 256 shows
 []


Underfull \hbox (badness 1675) in paragraph at lines 112--113
\OT1/ptm/m/n/10 in MOT, we con-duct a com-pre-hen-sive com-par-i-
 []


Underfull \hbox (badness 1033) in paragraph at lines 112--113
\OT1/ptm/m/n/10 with stan-dard Deep-SORT pa-ram-e-ters, (ii) a 12D
 []


Overfull \hbox (2.39218pt too wide) in paragraph at lines 120--130
 [][] 
 []


LaTeX Warning: `h' float specifier changed to `ht'.


Underfull \hbox (badness 2384) in paragraph at lines 134--135
\OT1/ptm/m/n/10 base-line per-for-mance with MAPE=14.59%, CA-
 []


Underfull \hbox (badness 5893) in paragraph at lines 134--135
\OT1/ptm/m/n/10 12D re-duces count-ing er-ror to MAPE=6.99%,
 []


Overfull \hbox (2.3964pt too wide) in paragraph at lines 143--154
 [][] 
 []


Overfull \hbox (2.3873pt too wide) in paragraph at lines 165--176
 [][] 
 []


LaTeX Warning: `h' float specifier changed to `ht'.


Overfull \hbox (2.38828pt too wide) in paragraph at lines 189--200
 [][] 
 []


LaTeX Warning: `h' float specifier changed to `ht'.

[8 <./pictures/ReIDInputsizeAblationexperiment.png>]
Overfull \hbox (2.39566pt too wide) in paragraph at lines 216--227
 [][] 
 []


Underfull \hbox (badness 1314) in paragraph at lines 227--227
[]\OT1/ptm/m/n/9 Table 8: |Op-ti-mal YOLOv11m De-tec-tor Con-fig-u-ra-tion
 []


Underfull \hbox (badness 10000) in paragraph at lines 231--232
[]\OT1/ptm/m/n/10 The op-ti-mal con-fig-u-ra-tion achieves
 []


Underfull \hbox (badness 10000) in paragraph at lines 231--232
\OT1/ptm/m/n/10 mAP50=92.24% and mAP50-95=68.71% with
 []


Underfull \hbox (badness 7415) in paragraph at lines 231--232
\OT1/ptm/m/n/10 con-fig-u-ra-tion demon-strates the ef-fec-tive-ness of
 []

File: pictures/VirtualCountingZone.png Graphic file (type png)
<use pictures/VirtualCountingZone.png>
Package pdftex.def Info: pictures/VirtualCountingZone.png  used on input line 2
40.
(pdftex.def)             Requested size: 215.80182pt x 155.46048pt.

Overfull \hbox (2.38739pt too wide) in paragraph at lines 240--241
 [][] 
 []


Underfull \hbox (badness 3168) in paragraph at lines 245--246
[]\OT1/ptm/m/n/10 Through com-pre-hen-sive eval-u-a-tion of vir-tual
 []


Overfull \hbox (2.38925pt too wide) in paragraph at lines 249--260
 [][] 
 []


Underfull \hbox (badness 3769) in paragraph at lines 264--265
\OT1/ptm/m/n/10 achieves ex-cep-tional count-ing per-for-mance with
 []


LaTeX Warning: `h' float specifier changed to `ht'.

[9]
Underfull \hbox (badness 1331) in paragraph at lines 290--291
[]\OT1/ptm/b/n/10 Robust Track-ing Per-for-mance: \OT1/ptm/m/n/10 The sys-tem
 []

) (./05_Conclusion.tex
Underfull \hbox (badness 6001) in paragraph at lines 1--2
\OT1/ptm/m/n/10 This sec-tion con-cludes our work on physics-
 []


Underfull \hbox (badness 1215) in paragraph at lines 5--6
\OT1/ptm/m/n/10 su-pe-rior count-ing ac-cu-racy (MAPE=2.24%) com-
 []


Underfull \hbox (badness 10000) in paragraph at lines 10--11
\OT1/ptm/m/n/10 pipeline demon-strates how care-fully de-
 []


Underfull \hbox (badness 10000) in paragraph at lines 10--11
\OT1/ptm/m/n/10 signed com-po-nents (YOLOv11m de-tec-tion,
 []


Underfull \hbox (badness 1253) in paragraph at lines 18--19
\OT1/ptm/m/n/10 cess-ing at 29.7 FPS on NVIDIA T4 GPU. The
 []


Underfull \hbox (badness 1038) in paragraph at lines 20--21
[]\OT1/ptm/b/n/10 Real-time Safety and Den-sity Man-age-ment:
 []

[10]
Underfull \hbox (badness 1215) in paragraph at lines 30--31
[]\OT1/ptm/b/n/10 Emergency Pre-pared-ness: \OT1/ptm/m/n/10 Re-li-able count-in
g
 []


Underfull \hbox (badness 1895) in paragraph at lines 52--53
\OT1/ptm/m/n/10 Priority should be given to on-line cam-era self-
 []


Underfull \hbox (badness 2134) in paragraph at lines 52--53
\OT1/ptm/m/n/10 di-tion-ally, ex-pand-ing datasets to in-clude di-verse
 []


Underfull \hbox (badness 1762) in paragraph at lines 55--56
\OT1/ptm/m/n/10 While our mod-u-lar pipeline is in-ter-pretable and
 []


Underfull \hbox (badness 1558) in paragraph at lines 58--59
\OT1/ptm/m/n/10 weather. Fu-ture re-search should in-ves-ti-gate fu-
 []


Underfull \hbox (badness 1038) in paragraph at lines 61--62
\OT1/ptm/m/n/10 Long-term vi-sion should move be-yond "count-ing
 []

) [11] (./visapp.bbl
Underfull \hbox (badness 1297) in paragraph at lines 66--70
\OT1/ptm/m/it/9 Mul-ti-me-dia Tools and Ap-pli-ca-tions\OT1/ptm/m/n/9 , 83(4):1
2253--
 []


Underfull \hbox (badness 5133) in paragraph at lines 82--86
[]\OT1/ptm/m/n/9 Li, X., Wu, Y., Fu, Y., Zhang, L., and Hong,
 []


Underfull \hbox (badness 3919) in paragraph at lines 82--86
\OT1/ptm/m/n/9 R. (2023).  A lightweight bus pas-sen-ger de-
 []


Underfull \hbox (badness 4872) in paragraph at lines 82--86
\OT1/ptm/m/n/9 tec-tion model based on YOLOv5.  \OT1/ptm/m/it/9 IET Im-
 []


Underfull \hbox (badness 10000) in paragraph at lines 82--86
\OT1/ptm/m/it/9 age Pro-cess-ing\OT1/ptm/m/n/9 , 17(14):3927--3937.  []eprint:
 []


Overfull \hbox (21.03564pt too wide) in paragraph at lines 82--86
\OT1/ptm/m/n/9 https://onlinelibrary.wiley.com/doi/pdf/10.1049/ipr2.12908. 
 []

[12]) (./appendix.tex [13

]
Overfull \hbox (3.50696pt too wide) in paragraph at lines 39--39
[][]| 
 []


Overfull \hbox (1.5462pt too wide) in paragraph at lines 39--39
[][]| 
 []


Overfull \hbox (1.39496pt too wide) in paragraph at lines 39--39
[][]| 
 []


Overfull \hbox (3.22932pt too wide) in paragraph at lines 39--39
[][]| 
 []


Overfull \hbox (3.32532pt too wide) in paragraph at lines 39--39
[][]| 
 []


Overfull \hbox (2.58316pt too wide) in paragraph at lines 39--39
[]\OT1/ptm/m/n/10 54.26| 
 []


Overfull \hbox (2.58316pt too wide) in paragraph at lines 39--39
[]\OT1/ptm/m/n/10 19.63| 
 []


Overfull \hbox (2.58316pt too wide) in paragraph at lines 39--39
[]\OT1/ptm/m/n/10 72.96| 
 []


Overfull \hbox (2.58316pt too wide) in paragraph at lines 39--39
[]\OT1/ptm/m/n/10 81.73| 
 []


Overfull \hbox (2.58316pt too wide) in paragraph at lines 39--39
[]\OT1/ptm/m/n/10 57.35| 
 []


Overfull \hbox (2.58316pt too wide) in paragraph at lines 39--39
[]\OT1/ptm/m/n/10 17.64| 
 []


Overfull \hbox (2.58316pt too wide) in paragraph at lines 39--39
[]\OT1/ptm/m/n/10 75.65| 
 []


Overfull \hbox (2.58316pt too wide) in paragraph at lines 39--39
[]\OT1/ptm/m/n/10 87.65| 
 []


Overfull \hbox (2.58316pt too wide) in paragraph at lines 39--39
[]\OT1/ptm/m/n/10 57.25| 
 []


Overfull \hbox (2.58316pt too wide) in paragraph at lines 39--39
[]\OT1/ptm/m/n/10 17.66| 
 []


Overfull \hbox (2.58316pt too wide) in paragraph at lines 39--39
[]\OT1/ptm/m/n/10 73.19| 
 []


Overfull \hbox (2.58316pt too wide) in paragraph at lines 39--39
[]\OT1/ptm/m/n/10 77.53| 
 []


Overfull \hbox (2.58316pt too wide) in paragraph at lines 39--39
[]\OT1/ptm/m/n/10 78.33| 
 []


Overfull \hbox (2.58316pt too wide) in paragraph at lines 39--39
[]\OT1/ptm/m/n/10 16.74| 
 []


Overfull \hbox (2.58316pt too wide) in paragraph at lines 39--39
[]\OT1/ptm/m/n/10 83.16| 
 []


Overfull \hbox (2.58316pt too wide) in paragraph at lines 39--39
[]\OT1/ptm/m/n/10 81.49| 
 []


Overfull \hbox (2.58316pt too wide) in paragraph at lines 39--39
[]\OT1/ptm/m/n/10 64.42| 
 []


Overfull \hbox (2.58316pt too wide) in paragraph at lines 39--39
[]\OT1/ptm/m/n/10 78.33| 
 []


Overfull \hbox (2.58316pt too wide) in paragraph at lines 39--39
[]\OT1/ptm/m/n/10 79.56| 
 []


Overfull \hbox (2.58316pt too wide) in paragraph at lines 39--39
[]\OT1/ptm/m/n/10 16.11| 
 []


Overfull \hbox (2.58316pt too wide) in paragraph at lines 39--39
[]\OT1/ptm/m/n/10 82.98| 
 []


Overfull \hbox (2.58316pt too wide) in paragraph at lines 39--39
[]\OT1/ptm/m/n/10 84.91| 
 []


Overfull \hbox (2.58316pt too wide) in paragraph at lines 39--39
[]\OT1/ptm/m/n/10 53.72| 
 []


Overfull \hbox (2.58316pt too wide) in paragraph at lines 39--39
[]\OT1/ptm/m/n/10 63.01| 
 []


Overfull \hbox (2.58316pt too wide) in paragraph at lines 39--39
[]\OT1/ptm/m/n/10 75.52| 
 []


Overfull \hbox (2.58316pt too wide) in paragraph at lines 39--39
[]\OT1/ptm/m/n/10 57.31| 
 []


Overfull \hbox (2.58316pt too wide) in paragraph at lines 39--39
[]\OT1/ptm/m/n/10 16.91| 
 []


Overfull \hbox (2.58316pt too wide) in paragraph at lines 39--39
[]\OT1/ptm/m/n/10 74.24| 
 []


Overfull \hbox (2.58316pt too wide) in paragraph at lines 39--39
[]\OT1/ptm/m/n/10 81.18| 
 []


Overfull \hbox (2.92818pt too wide) in paragraph at lines 39--39
[]\OT1/ptm/m/n/10 1036| 
 []


Overfull \hbox (2.58316pt too wide) in paragraph at lines 39--39
[]\OT1/ptm/m/n/10 73.84| 
 []


Overfull \hbox (2.58316pt too wide) in paragraph at lines 39--39
[]\OT1/ptm/m/n/10 15.94| 
 []


Overfull \hbox (2.58316pt too wide) in paragraph at lines 39--39
[]\OT1/ptm/m/n/10 79.76| 
 []


Overfull \hbox (2.58316pt too wide) in paragraph at lines 39--39
[]\OT1/ptm/m/n/10 88.47| 
 []


Overfull \hbox (2.23772pt too wide) in paragraph at lines 39--39
[]\OT1/ptm/m/n/10 10968| 
 []


Overfull \hbox (2.92818pt too wide) in paragraph at lines 39--39
[]\OT1/ptm/m/n/10 3071| 
 []


Overfull \hbox (2.58316pt too wide) in paragraph at lines 39--39
[]\OT1/ptm/m/n/10 78.67| 
 []


Overfull \hbox (2.58316pt too wide) in paragraph at lines 39--39
[]\OT1/ptm/m/n/10 18.02| 
 []


Overfull \hbox (2.58316pt too wide) in paragraph at lines 39--39
[]\OT1/ptm/m/n/10 85.86| 
 []


Overfull \hbox (2.58316pt too wide) in paragraph at lines 39--39
[]\OT1/ptm/m/n/10 88.98| 
 []


Overfull \hbox (2.58316pt too wide) in paragraph at lines 39--39
[]\OT1/ptm/m/n/10 71.41| 
 []


Overfull \hbox (2.58316pt too wide) in paragraph at lines 39--39
[]\OT1/ptm/m/n/10 19.41| 
 []


Overfull \hbox (2.58316pt too wide) in paragraph at lines 39--39
[]\OT1/ptm/m/n/10 76.45| 
 []


Overfull \hbox (2.58316pt too wide) in paragraph at lines 39--39
[]\OT1/ptm/m/n/10 80.95| 
 []


Overfull \hbox (2.58316pt too wide) in paragraph at lines 39--39
[]\OT1/ptm/m/n/10 68.76| 
 []


Overfull \hbox (2.58316pt too wide) in paragraph at lines 39--39
[]\OT1/ptm/m/n/10 19.79| 
 []


Overfull \hbox (2.58316pt too wide) in paragraph at lines 39--39
[]\OT1/ptm/m/n/10 72.11| 
 []


Overfull \hbox (2.58316pt too wide) in paragraph at lines 39--39
[]\OT1/ptm/m/n/10 79.28| 
 []


Overfull \hbox (2.92818pt too wide) in paragraph at lines 39--39
[]\OT1/ptm/m/n/10 2609| 
 []


Overfull \hbox (2.58316pt too wide) in paragraph at lines 39--39
[]\OT1/ptm/m/n/10 76.76| 
 []


Overfull \hbox (2.58316pt too wide) in paragraph at lines 39--39
[]\OT1/ptm/m/n/10 15.26| 
 []


Overfull \hbox (2.58316pt too wide) in paragraph at lines 39--39
[]\OT1/ptm/m/n/10 83.84| 
 []


Overfull \hbox (2.58316pt too wide) in paragraph at lines 39--39
[]\OT1/ptm/m/n/10 92.13| 
 []


Overfull \hbox (2.58316pt too wide) in paragraph at lines 39--39
[]\OT1/ptm/m/n/10 56.74| 
 []


Overfull \hbox (2.58316pt too wide) in paragraph at lines 39--39
[]\OT1/ptm/m/n/10 17.15| 
 []


Overfull \hbox (2.58316pt too wide) in paragraph at lines 39--39
[]\OT1/ptm/m/n/10 74.66| 
 []


Overfull \hbox (2.92818pt too wide) in paragraph at lines 39--39
[]\OT1/ptm/m/n/10 3819| 
 []


Overfull \hbox (2.58316pt too wide) in paragraph at lines 39--39
[]\OT1/ptm/m/n/10 62.28| 
 []


Overfull \hbox (2.58316pt too wide) in paragraph at lines 39--39
[]\OT1/ptm/m/n/10 71.93| 
 []


Overfull \hbox (2.58316pt too wide) in paragraph at lines 39--39
[]\OT1/ptm/m/n/10 78.18| 
 []


Overfull \hbox (2.58316pt too wide) in paragraph at lines 39--39
[]\OT1/ptm/m/n/10 63.13| 
 []


Overfull \hbox (2.58316pt too wide) in paragraph at lines 39--39
[]\OT1/ptm/m/n/10 17.31| 
 []


Overfull \hbox (2.58316pt too wide) in paragraph at lines 39--39
[]\OT1/ptm/m/n/10 74.31| 
 []


Overfull \hbox (2.58316pt too wide) in paragraph at lines 39--39
[]\OT1/ptm/m/n/10 72.73| 
 []


Overfull \hbox (2.58316pt too wide) in paragraph at lines 39--39
[]\OT1/ptm/m/n/10 15.43| 
 []


Overfull \hbox (2.58316pt too wide) in paragraph at lines 39--39
[]\OT1/ptm/m/n/10 82.94| 
 []


Overfull \hbox (2.58316pt too wide) in paragraph at lines 39--39
[]\OT1/ptm/m/n/10 84.76| 
 []


Overfull \hbox (2.58316pt too wide) in paragraph at lines 39--39
[]\OT1/ptm/m/n/10 79.97| 
 []


Overfull \hbox (2.58316pt too wide) in paragraph at lines 39--39
[]\OT1/ptm/m/n/10 15.45| 
 []


Overfull \hbox (2.58316pt too wide) in paragraph at lines 39--39
[]\OT1/ptm/m/n/10 70.53| 
 []


Overfull \hbox (2.58316pt too wide) in paragraph at lines 39--39
[]\OT1/ptm/m/n/10 73.22| 
 []


Overfull \hbox (2.58316pt too wide) in paragraph at lines 39--39
[]\OT1/ptm/m/n/10 75.37| 
 []


Overfull \hbox (2.58316pt too wide) in paragraph at lines 39--39
[]\OT1/ptm/m/n/10 17.63| 
 []


Overfull \hbox (2.58316pt too wide) in paragraph at lines 39--39
[]\OT1/ptm/m/n/10 84.94| 
 []


Overfull \hbox (2.58316pt too wide) in paragraph at lines 39--39
[]\OT1/ptm/m/n/10 89.28| 
 []


Overfull \hbox (2.58316pt too wide) in paragraph at lines 39--39
[]\OT1/ptm/m/n/10 60.73| 
 []


Overfull \hbox (2.58316pt too wide) in paragraph at lines 39--39
[]\OT1/ptm/m/n/10 18.45| 
 []


Overfull \hbox (2.58316pt too wide) in paragraph at lines 39--39
[]\OT1/ptm/m/n/10 73.56| 
 []


Overfull \hbox (2.58316pt too wide) in paragraph at lines 39--39
[]\OT1/ptm/m/n/10 89.79| 
 []


Overfull \hbox (2.92818pt too wide) in paragraph at lines 39--39
[]\OT1/ptm/m/n/10 1528| 
 []


Overfull \hbox (4.7536pt too wide) in paragraph at lines 39--39
[]\OT1/ptm/m/n/10 Avg.| 
 []


Overfull \hbox (2.58316pt too wide) in paragraph at lines 39--39
[]\OT1/ptm/m/n/10 67.21| 
 []


Overfull \hbox (2.58316pt too wide) in paragraph at lines 39--39
[]\OT1/ptm/m/n/10 17.41| 
 []


Overfull \hbox (2.58316pt too wide) in paragraph at lines 39--39
[]\OT1/ptm/m/n/10 76.29| 
 []


Overfull \hbox (2.58316pt too wide) in paragraph at lines 39--39
[]\OT1/ptm/m/n/10 82.23| 
 []


Overfull \hbox (2.58316pt too wide) in paragraph at lines 39--39
[]\OT1/ptm/m/n/10 13.95| 
 []


Overfull \hbox (807.99832pt too wide) has occurred while \output is active
[] | []
 []

[14


] [15


]) [16] (./visapp.aux)

LaTeX Warning: Label(s) may have changed. Rerun to get cross-references right.

 ) 
Here is how much of TeX's memory you used:
 6316 strings out of 476025
 107214 string characters out of 5790018
 1953388 words of memory out of 5000000
 26626 multiletter control sequences out of 15000+600000
 571201 words of font info for 150 fonts, out of 8000000 for 9000
 1141 hyphenation exceptions out of 8191
 72i,13n,77p,1326b,418s stack positions out of 10000i,1000n,20000p,200000b,200000s
</usr/local/texlive/2023/texmf-dist/fonts/type1/public/amsfonts/cm/cmex10.pfb
></usr/local/texlive/2023/texmf-dist/fonts/type1/public/amsfonts/cm/cmmi10.pfb>
</usr/local/texlive/2023/texmf-dist/fonts/type1/public/amsfonts/cm/cmr10.pfb></
usr/local/texlive/2023/texmf-dist/fonts/type1/public/amsfonts/cm/cmsy10.pfb></u
sr/local/texlive/2023/texmf-dist/fonts/type1/urw/symbol/usyr.pfb></usr/local/te
xlive/2023/texmf-dist/fonts/type1/urw/times/utmb8a.pfb></usr/local/texlive/2023
/texmf-dist/fonts/type1/urw/times/utmr8a.pfb></usr/local/texlive/2023/texmf-dis
t/fonts/type1/urw/times/utmri8a.pfb>
Output written on visapp.pdf (16 pages, 14290195 bytes).
PDF statistics:
 115 PDF objects out of 1000 (max. 8388607)
 65 compressed objects within 1 object stream
 0 named destinations out of 1000 (max. 500000)
 41 words of extra memory for PDF output out of 10000 (max. 10000000)

